// Jest Snapshot v1, https://goo.gl/fbAQLP

exports[`ListPLayers should render correctly 1`] = `"<div class=\\"PlayerCard\\"><div class=\\"PlayerCard__nameAvatar\\"><div class=\\"PlayerCard__name\\">Stan Wawrinka (S.WAW)<div class=\\"PlayerCard__country\\"><img class=\\"PlayerCard__countryImg\\" src=\\"https://i.eurosport.com/_iss_/geo/country/flag/large/2213.png\\" alt=\\"country\\">SUI</div></div><div class=\\"PlayerCard__avatar\\"><img class=\\"PlayerCard__avatarImg\\" src=\\"https://i.eurosport.com/_iss_/person/pp_clubteam/large/325225.jpg\\" alt=\\"avatar\\"></div></div><div class=\\"PlayerCard__stats\\"><span class=\\"PlayerCard__statsColumn\\"><span class=\\"PlayerCard__statsLabel\\">Height (m)</span><span class=\\"PlayerCard__statsValue\\">1.83</span></span><span class=\\"PlayerCard__statsColumn\\"><span class=\\"PlayerCard__statsLabel\\">Weight (kg)</span><span class=\\"PlayerCard__statsValue\\">81</span></span><span class=\\"PlayerCard__statsColumn\\"><span class=\\"PlayerCard__statsLabel\\">Age</span><span class=\\"PlayerCard__statsValue\\">33</span></span><span class=\\"PlayerCard__statsColumn\\"><span class=\\"PlayerCard__statsLabel\\">Rank</span><span class=\\"PlayerCard__statsValue\\">21</span></span></div><div class=\\"PlayerCard__winDefeat\\"><span class=\\"PlayerCard__winDefeatColumn\\"><span>Win: 4</span></span><span class=\\"PlayerCard__winDefeatColumn\\"><span>Lost: 1</span></span></div></div>"`;

exports[`ListPLayers should render correctly without props 1`] = `""`;
